// Jest Snapshot v1, https://goo.gl/fbAQLP

exports[`UI is unaltered wrt first snapshot 1`] = `
<h1>
  Oops! You have taken the wrong route! 
</h1>
`;
